2026-10-04 (2.1.0)

Добавлено
- Раздел «Мои лоты» в Telegram: выставить, поднять, оставлять в продаже, копия, удаление, выбор тарифа с подтверждением цены.
- Контракты GraphQL из живого фронтенда Playerok и генератор scripts/refresh-contracts.py.
- Лимиты цены для платного восстановления и поднятия, keepInSale для PREMIUM.
- Системные шаблоны сообщений покупателям, шаблон «товар закончился».
- Защита пароля панели от перебора.
- Раздел «Доступ»: список администраторов, смена пароля и отзыв доступа (раньше доступ, полученный по паролю, нельзя было отозвать); сообщения не-администраторов в открытых диалогах панели игнорируются.
- Дневной лимит расходов автоматики (auto.daily_limit, 200 ₽ по умолчанию) с учётом в db/spend_state.json.
- Восстановление заказов, оплаченных во время обрыва WebSocket.
- Переключатель рассылки автора в разделе «Обновления».
- check-playerok.py без --cookies проверяет публичный каталог без входа (Conn(anonymous=True)).
- Понятная ошибка, если Playerok закрывает WebSocket до подтверждения (устаревшие Cookie).
- Запросы к Playerok выполняются параллельно: своя TLS-сессия на поток вместо общей блокировки; мутации одного объекта по-прежнему строго последовательны.
- Уведомления показывают служебные события (CHAT_STARTED и др.) и ссылки из кнопок сообщений.
- Текстовые правила автовыдачи поддерживают переменные $buyer, $product, $price, $deal_id, $seller (поштучные ключи отправляются без изменений).
- Фикстуры с реальной структурой ответов Playerok и сквозной тест заказа от кадра WebSocket до выдачи, подтверждения и восстановления.

Изменено
- Новый транспорт: GET с persisted-хешем и регистрацией APQ, мутации без повторов при неоднозначном ответе.
- TLS-отпечаток подбирается под версию Chrome из User-Agent; curl_cffi 0.16.3 (профили до Chrome 150).
- Автовыдача выбирает самое точное правило, игнорирует пустые фразы, проверяет сделку через API.
- Автоподтверждение пропускается, если товар закончился или не отправился.
- Восстановление проверяет статус лота перед оплатой; бывшие PREMIUM-лоты при включённом платном восстановлении снова выставляются как PREMIUM.
- Копия лота загружает фото заново (Playerok отклоняет attachmentIds) и позволяет выбрать способ получения.
- Переключатель «Оставлять в продаже» показывается только у PREMIUM-лотов: Playerok не принимает его для обычного размещения.
- Подпись к сообщениям, проверка релизов и рассылка исходного проекта выключены по умолчанию.

Исправлено
- Пустая ключевая фраза в автовыдаче выдавала товар покупателю любого лота.
- Ответ с текстом «Bad Gateway» в чате приводил к повторам с ожиданием до 4,5 минут.
- Однократная ошибка markChatAsRead блокировала отправку сообщений в чат.
- Неполные chatUpdated затирали участников чата.
- Дублирующиеся заголовки WebSocket-рукопожатия, отсутствие прокси для WebSocket.
- Неэкранированный HTML терял уведомления о заказах.
- Версия приложения не совпадала с релизом.
- Лоты, для которых Playerok требует больше отзывов, каждый цикл отправлялись на платную публикацию и получали отказ.
- Удалённый лот (NOT_FOUND) повторно запрашивался при восстановлении.
- Дробные лимиты цены сбрасывались к значению по умолчанию при чтении конфигурации.
- Уведомления падали с ошибкой, если Telegram-панель ещё не запущена; пустой рейтинг ломал уведомление о правке отзыва.
- Ошибки и завершение подписок WebSocket терялись; unreadChatsCounter = null вызывал исключение.
- Сообщение с неверным паролем оставалось в чате; большие логи не отправлялись через /logs.
- Чтение состояния создавало файлы db/ при импорте.
- clean.py удалял conf/, db/ и logs/ без подтверждения; теперь нужен флаг --yes.
- scripts/check-playerok.py и check-websocket.py не запускались (ModuleNotFoundError); добавлены --user-agent и --proxy.
- Проверка зависимостей при старте молча ставила пакет packaging через pip.
- Обновлённые Playerok Cookie не сохранялись и терялись после перезапуска; о недействительной сессии бот не сообщал. Cookie, загруженные в панели, применяются к работающему боту без перезапуска и не затираются старыми.
- Сообщение с Cookie или токеном удаляется из чата Telegram; токен, присланный без Cookie, больше не ломает запуск ошибкой «не совпадает с Cookie token».
- Возврат и закрытие сделки, шаблон покупателю из уведомления выполнялись для последнего открытого уведомления, а не для того, где нажата кнопка: можно было вернуть деньги не по той сделке или написать не тому покупателю.
- Возврат, закрытие сделки, ответ и шаблон покупателю блокировали Telegram-панель на время сетевого запроса.
- Один медленный запрос к Playerok останавливал все остальные, включая выдачу нового заказа.
- Лот сделки со своим __typename MyItem декодировался как чужой Item.
- Правка склада автовыдачи из панели во время продажи могла вернуть уже выданный ключ и продать его второй раз; кнопка «✕» после продажи удаляла соседний ключ. Теперь панель и автовыдача используют общую блокировку склада, а ключ удаляется по отпечатку содержимого.
- Запись conf/ и db/ без fsync могла оставить пустой файл склада после сбоя питания; на Windows блокировка файла антивирусом срывала запись и автовыдачу — теперь fsync и повтор замены файла.
- Удалён дублирующий фоновый цикл обновления профиля (профиль уже обновляется проверкой доступа раз в 15 минут).
- Проверка отзывов запускалась сразу после оплаты и до 72 раз запрашивала сделку впустую; теперь — только после подтверждения сделки.
- Автоподтверждение отмечало «товар отправлен» и по сделкам, где бот ничего не выдал; теперь по умолчанию — только после успешной автовыдачи (auto.confirm.only_delivered).
- Удаление шаблона или команды подтверждалось для последнего открытого объекта, а не для того, где нажата кнопка; триггеры команд экранируются в HTML.
- Удаление фразы из списков автовосстановления, автоподтверждения и поднятия после сдвига списка удаляло соседнюю фразу; собственные покупки запускали лишнее восстановление лота.
- Карточка шаблона показывает, когда он отправляется; описания «Приветствия» и «Вызова продавца» исправлены, неиспользуемые шаблоны помечены.
- Логи на Linux создавались читаемыми для всех пользователей сервера — теперь logs/ 0700, файлы 0600; «Подробный лог» управляет всеми логгерами бота; ошибки обработки заказов в потоке событий видны без подробного режима.
- Выданные ключи попадали в logs/ открытым текстом (собственные исходящие сообщения логировались целиком); невозвращённый в автовыдачу ключ писался в лог — теперь сохраняется в conf/lost_goods.txt.
- /restart на Windows ломался, если в пути к проекту есть пробел; start.bat теперь перезапускает бота сам (код выхода 75), состояние сохраняется перед перезапуском.
- WebSocket-подписки на чаты накапливались без ограничений; теперь держатся для 60 свежих чатов, старые завершаются.
- Выключенные расширения снова включались после перезапуска; команды старого формата нельзя было открыть в панели.
- «Мои лоты»: подтверждение оплаты с устаревшего экрана применялось к последнему открытому лоту; двойное нажатие или смена статуса лота во время подтверждения могли превратить выставление в платное поднятие; ручная операция могла совпасть с автовосстановлением того же лота.
- Панель: кнопки «·» и «1 / N» в списках не отвечали (Telegram крутил загрузку); переход на страницу в автовыдаче падал (scr_delivs_float_text не существовал); файлы автовыдачи и карточка шаблона падали, если правило или шаблон уже удалены; экраны, ждущие .txt/.zip, молча игнорировали текст — теперь подсказывают.
- «📥 Загрузить и применить» из старого уведомления устанавливала релиз, который не новее текущей версии (откат 2.1.0 на 2.0.6rc1 поверх рабочей копии); теперь версия перепроверяется перед скачиванием.
- Прокси вида http://user:pass@ip:port и с доменным именем (proxy.provider.net:8000) отклонялись как «неверный формат», хотя дальше код их поддерживает; пробелы вокруг прокси сохранялись в конфиг.
- Интервал автоподнятия принимал 1 секунду (каждое поднятие платное) — теперь от 10 минут до 7 дней; таймаут запросов принимал 0 и любые большие значения — теперь 5–300 с; номера страниц и числа с «²»-подобными цифрами больше не роняют ввод.
- Пароль прокси больше не показывается в панели (user:•••@host:port), прокси экранируется в HTML; подсказки формата перечисляют host, http:// и socks5h://; после сохранения прокси и таймаута панель сообщает, что они применятся после /restart.
- «Оставлять в продаже» в автовосстановлении нельзя включить без PREMIUM — раньше переключатель включался и ничего не делал.
- «Поднять сейчас» предупреждает о цене за лот и дневном лимите; удаление автовыдачи называет правило и число ключей на складе.
- Списки автоподнятия, автоподтверждения и автовосстановления не принимают пустые фразы; сообщения о добавлении показывают сами фразы, числа согласуются по падежам («1 товар», «2 товара»).
- Значок «✅» у автоподтверждения выглядел как «включено» при выключенной функции; экран «Система» писал про автопроверку релизов, даже когда она выключена; при правке шаблона показывался внутренний id вместо названия.
- Ошибка ввода больше не выкидывает из поля: неверное число, прокси, Cookie или фразу можно сразу отправить заново (подсказка в сообщении об ошибке).
- Уведомления в Telegram отправляются по одному и при ограничении частоты (429) ждут, сколько просит Telegram, — раньше при всплеске заказов они терялись; заблокировавший бота администратор больше не вызывает повторов.
- Фоновые циклы движка не падают из-за некорректных чисел в conf/config.json; интервал автоподнятия ограничен 10 минутами и в движке (старые значения вроде 1 с больше не действуют); таймаут запросов применяется сразу и зажат в 5–300 с.
- Импорт расширения из zip ограничен 2000 файлами и 50 МБ после распаковки (защита от zip-бомбы), пути с буквой диска отклоняются.
- Из lib/cacert.pem убраны строки-комментарии «# Issuer/Subject…»; сами 150 сертификатов не изменились.
- Тесты панели: обход всех кнопок, доступных из /start, и всех состояний ввода на заполненных настройках; обновление, перезапуск, сеть и subprocess в тестах заблокированы.
- Панель Telegram через 15–20 минут работы переставала отвечать на кнопки: проверка связи раз в минуту оставляла поток, навсегда ждущий остановки, и забивала пул потоков asyncio. Теперь проверка ждёт без потоков.
- «Оставлять в продаже» у проданных и истёкших лотов: Playerok отвечал BAD_REQUEST — переключатель показывается и принимается только у активных PREMIUM-лотов; в списке лотов отдельно считаются лоты, ждущие отзывов.
- «Лимит в день», открытый из автовосстановления, после сохранения возвращал в автоподнятие.
- Смена охвата, фраз или лимитов автовосстановления действовала только через 30 минут: пропущенные лоты кешировались независимо от настроек. Теперь кеш сбрасывается при изменении настроек, а «нет в списке» не кешируется.
- «Поднять сейчас» при пустой витрине показывал одни нули — теперь пишет, что в продаже нет лотов.
- Недоступные из панели функции получили кнопки: User-Agent (Настройки → Авторизация, с подсказкой про /restart), экран логов (Система → Логи: скачать лог за сегодня, размер файла 1–10240 МБ), переход к странице по номеру в шаблонах, командах и автовыдаче (кнопка «N / M»); номер страницы проверяется на диапазон.
- Кнопка «Скачать лог» читала весь файл в память и отправляла без ограничения размера — теперь как /logs: большой лог сжимается или обрезается.
- Два одинаковых правила автовыдачи открывали одну и ту же карточку.
- /status показывал время последнего pong, даже если сервер присылал сообщения позже, — теперь «последний сигнал от сервера» по самому свежему событию.
- Тексты автовыдачи: «Пакет файлов» → «Поштучно (ключи)», «Файлы» → «Товары»; при выборе типа объясняется разница, при вводе текста перечислены переменные $buyer, $product, $price, $deal_id, $seller.
- Удалены неиспользуемые callback-константы.

2026-04-24 (2.0.2)

Добавлено
- Обход DDoS-Guard через Cookie-авторизацию (вместо голого токена).
- Ввод Cookie через conf/cookies.json (экспорт Cookie-Editor → JSON → ввести `true`); в Telegram-панели — принимается JSON-файл документом, JSON-текстом или классическая Header String.
- Автопроверка релизов на GitHub, push-уведомление админам о новой версии.
- Инлайн-кнопка «Загрузить и применить» — скачивает zip релиза, заменяет файлы проекта (сохраняя conf/, db/, logs/, __pycache__, .git, .venv), перезапускает процесс.
- Пункт «🛠 Система» в /start: текущая версия, статус обновления, время последней проверки, кнопки «Загрузить», «Что нового», «Проверить», «GitHub».
- Exception BotCheckDetectedException на срабатывание DDoS-Guard (с подсказкой обновить Cookie).
- Bundled cacert.pem для работы независимо от certifi.
- pyrightconfig.json — проект проходит статический анализ без ошибок и предупреждений.

Изменено
- GraphQL-запросы и SHA-хеши обновлены под актуальную схему playerok.com (добавлены images, automationObtainingFields, isAttachmentsForbidden, spbBankName, autoClaimedAt, fragmentUsername и др.).
- Отправка фото в чат теперь через двухшаговый flow: uploadChatImageIntoTemporaryStore → createChatMessage с imagesIds. send_message принимает и один путь, и список путей.
- WS-подписка chatMessageCreated теперь передаёт showForbiddenImage: true (без неё Playerok возвращал пустой images[] для входящих фото).
- Входящие фото-сообщения теперь проходят гидратацию и показываются в Telegram как «📷 изображение» (раньше гонка с chatUpdated побеждала и Telegram показывал «нет текста»).
- check_requirements больше не запускает pip install на старте (на Windows падал WinError 5 из-за залоченного curl_cffi DLL). Теперь только warning про отсутствующие пакеты.
- CA bundle автоматически копируется в ASCII-путь (C:\cxh\cxh_cacert.pem или fallback), если путь до исходного содержит не-ASCII символы (типично C:\Users\андрей\...) — libcurl больше не падает curl: (77).
- Конфиг сбрасывается на defaults при повреждении структуры (например, верхний уровень = список вместо dict) с бэкапом в .corrupt.bak.
- URL для скачивания релиза: приоритет asset → github.com/{repo}/archive/refs/tags/{tag}.zip → zipball_url.
- Исправлена env-переменная для перезапуска: CXH_QUICK_REBOOT → CXH_FAST_REBOOT (совпала с чтением в main.py, баннер «↻ Перезапуск» теперь появляется).
- Кнопка «Загрузить обновление» теперь инлайн-callback, а не URL — скачивание и замена идут внутри бота.
- Мастер первого запуска принимает Cookie через JSON-файл вместо длинной вставки в консоль.

Исправлено
- Главный баг: платное восстановление лотов срабатывало даже при выключенной галке «💎 Платное (PREMIUM)». Теперь при отсутствии бесплатного тира и выключенном PREMIUM лот пропускается (с логом), деньги не списываются.
- TypeError «list indices must be integers or slices, not str» при повреждённом conf/config.json.
- curl: (77) error setting certificate verify locations на системах с кириллицей в пути (через короткий 8.3-путь + копия в ASCII-локацию).
- WinError 5 «Отказано в доступе» по curl_cffi/_wrapper.pyd при авто-установке зависимостей.
- Опечатка в коде: `user.__account = ...` из-за name-mangling создавала мёртвый атрибут `_MarketBridge__account` (удалена).
- Сигнатуры типов в ключевых методах: _push возвращает ChatMessage | None, _elevate корректно сужает тип через isinstance, ItemDeal.item расширен до Item | MyItem | ItemProfile.

Удалено
- Legacy-запрос createChatMessageWithFile (старая схема отправки фото одним запросом, заменена новым двухшаговым flow).
- Авто-pip-install на старте (теперь только warning).
